Microchip MPLAB XC8 Compiler V2.50

Linker command line:

-W-3 \
  --edf=C:\Program Files\Microchip\xc8\v2.50\pic\dat\20240725155939_en.msgs \
  -cn \
  -h+dist/default/production\CAR_BLACK_BOX_Skeleton_code.X.production.sym \
  --cmf=dist/default/production\CAR_BLACK_BOX_Skeleton_code.X.production.cmf \
  -z -Q18F4580 \
  -oC:\Users\VEERESH\AppData\Local\Temp\xcBsmgs.1\driver_tmp_3.o \
  --defsym=__MPLAB_BUILD=1 --fixupoverflow=error \
  -Mdist/default/production/CAR_BLACK_BOX_Skeleton_code.X.production.map \
  --md=C:\Users\VEERESH\AppData\Local\Temp\xcBsmgs.1\driver_tmp_0.dat -E1 \
  -ver=XC8 Compiler --acfsm=1493 -ACODE=00h-03000h -ACONST=00h-03000h \
  -ASMALLCONST=0600h-06FFhx42,03000h-03000h -AMEDIUMCONST=0600h-03000h \
  -ACOMRAM=01h-05Fh -AABS1=00h-05FFh -ABIGRAM=01h-05FFh \
  -ARAM=060h-0FFh,0100h-01FFhx5 -ABANK0=060h-0FFh -ABANK1=0100h-01FFh \
  -ABANK2=0200h-02FFh -ABANK3=0300h-03FFh -ABANK4=0400h-04FFh \
  -ABANK5=0500h-05FFh -ASFR=0D00h-0DFFhx2,0F00h-0F5Fh,0F60h-0FFFh \
  -ABIGSFR=0D00h-0FFFh -ACONFIG=0300000h-030000Dh -AIDLOC=0200000h-0200007h \
  -AEEDATA=0F00000h-0F000FFh -peeprom_data=EEDATA \
  -preset_vec=00h,intcode,sivt_hi,intcodelo,sivt_lo,powerup,init \
  -pramtop=0600h -psmallconst=SMALLCONST -pmediumconst=MEDIUMCONST \
  -pconst=CONST -AFARRAM=00h-00h \
  -prdata=COMRAM,nvrram=COMRAM,nvbit=COMRAM,rbss=COMRAM,rbit=COMRAM \
  -pfarbss=FARRAM,fardata=FARRAM,nvFARRAM=FARRAM \
  -pintsave_regs=BIGRAM,bigbss=BIGRAM,bigdata=BIGRAM -pbss=RAM \
  -pidata=CODE,irdata=CODE,ibigdata=CODE,ifardata=CODE -prparam=COMRAM \
  C:\Users\VEERESH\AppData\Local\Temp\xcBsmgs.1\driver_tmp_9.o \
  dist/default/production\CAR_BLACK_BOX_Skeleton_code.X.production.o 

Object code version is 3.11

Machine type is 18F4580



                Name                               Link     Load   Length Selector   Space Scale
C:\Users\VEERESH\AppData\Local\Temp\xcBsmgs.1\driver_tmp_9.o
                idloc                            200000   200000        8        0       5
                config                           300000   300000        E        0       4
                init                                  0        0        4        0       0
dist/default/production\CAR_BLACK_BOX_Skeleton_code.X.production.o
                idloc                            200000   200000        8        0       5
                config                           300000   300000        E        0       4
                mediumconst                        2F48     2F48       B8     17A4       0
                text43                             1358     1358       3A      9AC       0
                text42                             14E8     14E8       6C      A74       0
                text41                             13DA     13DA       4A      9ED       0
                text40                             11B6     11B6       18      8DB       0
                text39                             247A     247A      24E     123D       0
                text38                             11CE     11CE       18      8E7       0
                text37                             1322     1322       36      991       0
                text36                             116A     116A       12      8B5       0
                text35                             1E9E     1E9E      1C2      F4F       0
                text34                             1242     1242       28      921       0
                text33                             17B8     17B8       A6      BDC       0
                text32                             112C     112C        6      896       0
                text31                             117C     117C       12      8BE       0
                text30                             1132     1132        8      899       0
                text29                             1152     1152        C      8A9       0
                text28                             113A     113A        8      89D       0
                text27                             1142     1142        8      8A1       0
                text26                             114A     114A        8      8A5       0
                text25                             115E     115E        C      8AF       0
                text24                             126A     126A       2A      935       0
                text23                             1202     1202       1E      901       0
                text22                             1392     1392       48      9C9       0
                text21                             11A0     11A0       16      8D0       0
                text20                             118E     118E       12      8C7       0
                text19                             1220     1220       22      910       0
                text18                             11E6     11E6       1C      8F3       0
                text17                             1AD4     1AD4      108      D6A       0
                text16                             15C0     15C0       74      AE0       0
                text15                             190C     190C       C2      C86       0
                text14                             185E     185E       AE      C2F       0
                text13                             2A58     2A58      4F0     152C       0
                text12                             26C8     26C8      390     1364       0
                text11                             19CE     19CE      106      CE7       0
                text10                             1CEA     1CEA      1B4      E75       0
                text9                              12EE     12EE       34      977       0
                text8                              1634     1634       74      B1A       0
                text7                              1484     1484       64      A42       0
                text6                              12BE     12BE       30      95F       0
                text5                              1BDC     1BDC      10E      DEE       0
                text4                              16A8     16A8       82      B54       0
                text3                              1294     1294       2A      94A       0
                text2                              2060     2060      1F4     1030       0
                text1                              2254     2254      226     112A       0
                text0                              172A     172A       8E      B95       0
                cstackCOMRAM                          1        1       34        1       1
                bssBANK1                            100      100       A0      100       1
                dataBANK0                            60       60       5F       60       1
                bssBANK0                             BF       BF       3D       60       1
                dataCOMRAM                           5D       5D        3        1       1
                bssCOMRAM                            35       35       28        1       1
                cinit                              1554     1554       6C      AAA       0
                idataBANK0                         1425     1425       5F     1425       0
                idataCOMRAM                        1129     1129        3     1129       0

TOTAL           Name                               Link     Load   Length     Space
        CLASS   CODE           
                init                                  0        0        4         0
                text43                             1358     1358       3A         0
                text42                             14E8     14E8       6C         0
                text41                             13DA     13DA       4A         0
                text40                             11B6     11B6       18         0
                text39                             247A     247A      24E         0
                text38                             11CE     11CE       18         0
                text37                             1322     1322       36         0
                text36                             116A     116A       12         0
                text35                             1E9E     1E9E      1C2         0
                text34                             1242     1242       28         0
                text33                             17B8     17B8       A6         0
                text32                             112C     112C        6         0
                text31                             117C     117C       12         0
                text30                             1132     1132        8         0
                text29                             1152     1152        C         0
                text28                             113A     113A        8         0
                text27                             1142     1142        8         0
                text26                             114A     114A        8         0
                text25                             115E     115E        C         0
                text24                             126A     126A       2A         0
                text23                             1202     1202       1E         0
                text22                             1392     1392       48         0
                text21                             11A0     11A0       16         0
                text20                             118E     118E       12         0
                text19                             1220     1220       22         0
                text18                             11E6     11E6       1C         0
                text17                             1AD4     1AD4      108         0
                text16                             15C0     15C0       74         0
                text15                             190C     190C       C2         0
                text14                             185E     185E       AE         0
                text13                             2A58     2A58      4F0         0
                text12                             26C8     26C8      390         0
                text11                             19CE     19CE      106         0
                text10                             1CEA     1CEA      1B4         0
                text9                              12EE     12EE       34         0
                text8                              1634     1634       74         0
                text7                              1484     1484       64         0
                text6                              12BE     12BE       30         0
                text5                              1BDC     1BDC      10E         0
                text4                              16A8     16A8       82         0
                text3                              1294     1294       2A         0
                text2                              2060     2060      1F4         0
                text1                              2254     2254      226         0
                text0                              172A     172A       8E         0
                cinit                              1554     1554       6C         0
                idataBANK0                         1425     1425       5F         0
                idataCOMRAM                        1129     1129        3         0

        CLASS   CONST          

        CLASS   SMALLCONST     

        CLASS   MEDIUMCONST    
                mediumconst                        2F48     2F48       B8         0

        CLASS   COMRAM         
                cstackCOMRAM                          1        1       34         1
                dataCOMRAM                           5D       5D        3         1
                bssCOMRAM                            35       35       28         1

        CLASS   ABS1           

        CLASS   BIGRAM         

        CLASS   RAM            

        CLASS   BANK0          
                dataBANK0                            60       60       5F         1
                bssBANK0                             BF       BF       3D         1

        CLASS   BANK1          
                bssBANK1                            100      100       A0         1

        CLASS   BANK2          

        CLASS   BANK3          

        CLASS   BANK4          

        CLASS   BANK5          

        CLASS   SFR            

        CLASS   BIGSFR         

        CLASS   CONFIG         
                config                           300000   300000        E         4

        CLASS   IDLOC          
                idloc                            200000   200000        8         5

        CLASS   EEDATA         

        CLASS   FARRAM         

        CLASS   HEAP           

        CLASS   STACK          



SEGMENTS        Name                           Load    Length   Top    Selector   Space  Class

                reset_vec                      000000  000004  000004         0       0  CODE    
                cstackCOMRAM                   000001  00005F  000060         1       1  COMRAM  
                dataBANK0                      000060  00009C  0000FC        60       1  BANK0   
                bssBANK1                       000100  0000A0  0001A0       100       1  BANK1   
                idataCOMRAM                    001129  000003  00112C      1129       0  CODE    
                text32                         00112C  000006  001132       896       0  CODE    
                text30                         001132  000008  00113A       899       0  CODE    
                text28                         00113A  000008  001142       89D       0  CODE    
                text27                         001142  000008  00114A       8A1       0  CODE    
                text26                         00114A  000008  001152       8A5       0  CODE    
                text29                         001152  00000C  00115E       8A9       0  CODE    
                text25                         00115E  00000C  00116A       8AF       0  CODE    
                text36                         00116A  000012  00117C       8B5       0  CODE    
                text31                         00117C  000012  00118E       8BE       0  CODE    
                text20                         00118E  000012  0011A0       8C7       0  CODE    
                text21                         0011A0  000016  0011B6       8D0       0  CODE    
                text40                         0011B6  000018  0011CE       8DB       0  CODE    
                text38                         0011CE  000018  0011E6       8E7       0  CODE    
                text18                         0011E6  00001C  001202       8F3       0  CODE    
                text23                         001202  00001E  001220       901       0  CODE    
                text19                         001220  000022  001242       910       0  CODE    
                text34                         001242  000028  00126A       921       0  CODE    
                text24                         00126A  00002A  001294       935       0  CODE    
                text3                          001294  00002A  0012BE       94A       0  CODE    
                text6                          0012BE  000030  0012EE       95F       0  CODE    
                text9                          0012EE  000034  001322       977       0  CODE    
                text37                         001322  000036  001358       991       0  CODE    
                text43                         001358  00003A  001392       9AC       0  CODE    
                text22                         001392  000048  0013DA       9C9       0  CODE    
                text41                         0013DA  00004A  001424       9ED       0  CODE    
                idataBANK0                     001425  00005F  001484      1425       0  CODE    
                text7                          001484  000064  0014E8       A42       0  CODE    
                text42                         0014E8  00006C  001554       A74       0  CODE    
                cinit                          001554  00006C  0015C0       AAA       0  CODE    
                text16                         0015C0  000074  001634       AE0       0  CODE    
                text8                          001634  000074  0016A8       B1A       0  CODE    
                text4                          0016A8  000082  00172A       B54       0  CODE    
                text0                          00172A  00008E  0017B8       B95       0  CODE    
                text33                         0017B8  0000A6  00185E       BDC       0  CODE    
                text14                         00185E  0000AE  00190C       C2F       0  CODE    
                text15                         00190C  0000C2  0019CE       C86       0  CODE    
                text11                         0019CE  000106  001AD4       CE7       0  CODE    
                text17                         001AD4  000108  001BDC       D6A       0  CODE    
                text5                          001BDC  00010E  001CEA       DEE       0  CODE    
                text10                         001CEA  0001B4  001E9E       E75       0  CODE    
                text35                         001E9E  0001C2  002060       F4F       0  CODE    
                text2                          002060  0001F4  002254      1030       0  CODE    
                text1                          002254  000226  00247A      112A       0  CODE    
                text39                         00247A  00024E  0026C8      123D       0  CODE    
                text12                         0026C8  000390  002A58      1364       0  CODE    
                text13                         002A58  0004F0  002F48      152C       0  CODE    
                mediumconst                    002F48  0000B8  003000      17A4       0  MEDIUMCO


UNUSED ADDRESS RANGES

        Name                Unused          Largest block    Delta
        BANK0            0000FC-0000FF                4
        BANK1            0001A0-0001FF               60
        BANK2            000200-0002FF              100
        BANK3            000300-0003FF              100
        BANK4            000400-0004FF              100
        BANK5            000500-0005FF              100
        BIGRAM           0000FC-0000FF                4
                         0001A0-0005FF              460
        BIGSFR           000D00-000FFF              300
        CODE             000004-001128             1125
                         001424-001424                1
                         003000-003000                1
        CONST            000004-001128             1125
                         001424-001424                1
                         003000-003000                1
        EEDATA           F00000-F000FF              100
        MEDIUMCONST      000600-001128              B29
                         001424-001424                1
                         003000-003000                1
        RAM              0000FC-0000FF                4
                         0001A0-0005FF              100
        SFR              000D00-000FFF              100
        SMALLCONST       000600-001128              100
                         001424-001424                1
                         003000-003000                1

                                  Symbol Table

?___awdiv                      cstackCOMRAM 000001
?___awmod                      cstackCOMRAM 000001
?___fldiv                      cstackCOMRAM 00000F
?___fltol                      cstackCOMRAM 000028
?___lwdiv                      cstackCOMRAM 000001
?___lwmod                      cstackCOMRAM 000001
?___xxtofl                     cstackCOMRAM 000001
?_read_adc                     cstackCOMRAM 000001
_ACKDT                         (abs)        007E2D
_ACKEN                         (abs)        007E2C
_ACKSTAT                       (abs)        007E2E
_ACQT0                         (abs)        007E03
_ACQT1                         (abs)        007E04
_ACQT2                         (abs)        007E05
_ADCON1                        (abs)        000FC1
_ADCS0                         (abs)        007E00
_ADCS1                         (abs)        007E01
_ADCS2                         (abs)        007E02
_ADFM                          (abs)        007E07
_ADON                          (abs)        007E10
_ADRESH                        (abs)        000FC4
_ADRESL                        (abs)        000FC3
_BCLIF                         (abs)        007D0B
_BRG16                         (abs)        007DC3
_BRGH                          (abs)        007D62
_CHS0                          (abs)        007E12
_CHS1                          (abs)        007E13
_CHS2                          (abs)        007E14
_CHS3                          (abs)        007E15
_CKE                           (abs)        007E3E
_CREN                          (abs)        007D5C
_EEADR                         (abs)        000FA9
_EECON1bits                    (abs)        000FA6
_EECON2                        (abs)        000FA7
_EEDATA                        (abs)        000FA8
_GIE                           (abs)        007F97
_GO                            (abs)        007E11
_PCFG0                         (abs)        007E08
_PCFG1                         (abs)        007E09
_PCFG2                         (abs)        007E0A
_PCFG3                         (abs)        007E0B
_PEN                           (abs)        007E2A
_PIR2bits                      (abs)        000FA1
_PORTB                         (abs)        000F81
_PORTBbits                     (abs)        000F81
_PORTD                         (abs)        000F83
_RBPU                          (abs)        007F8F
_RC0                           (abs)        007C10
_RC1                           (abs)        007C11
_RC2                           (abs)        007C12
_RCEN                          (abs)        007E2B
_RCIE                          (abs)        007CED
_RCIF                          (abs)        007CF5
_RCREG                         (abs)        000FAE
_RD7                           (abs)        007C1F
_RSEN                          (abs)        007E29
_RX9                           (abs)        007D5E
_SEN                           (abs)        007E28
_SMP                           (abs)        007E3F
_SPBRG                         (abs)        000FAF
_SPEN                          (abs)        007D5F
_SSPADD                        (abs)        000FC8
_SSPBUF                        (abs)        000FC9
_SSPCON1                       (abs)        000FC6
_SSPIF                         (abs)        007CF3
_SYNC                          (abs)        007D64
_TRISB                         (abs)        000F93
_TRISC                         (abs)        000F94
_TRISC3                        (abs)        007CA3
_TRISC4                        (abs)        007CA4
_TRISC6                        (abs)        007CA6
_TRISC7                        (abs)        007CA7
_TRISD                         (abs)        000F95
_TRISD7                        (abs)        007CAF
_TX9                           (abs)        007D66
_TXEN                          (abs)        007D65
_TXIE                          (abs)        007CEC
_TXIF                          (abs)        007CF4
_TXREG                         (abs)        000FAD
_VCFG0                         (abs)        007E0C
_VCFG1                         (abs)        007E0D
__HRAM                         (abs)        000000
__H__absolute__                __absolute__ 000000
__Habs1                        abs1         000000
__Hbank0                       bank0        000000
__Hbank1                       bank1        000000
__Hbank2                       bank2        000000
__Hbank3                       bank3        000000
__Hbank4                       bank4        000000
__Hbank5                       bank5        000000
__Hbigbss                      bigbss       000000
__Hbigdata                     bigdata      000000
__Hbigram                      bigram       000000
__Hbigsfr                      bigsfr       000000
__Hbss                         bss          000000
__HbssBANK0                    bssBANK0     000000
__HbssBANK1                    bssBANK1     000000
__HbssCOMRAM                   bssCOMRAM    000000
__Hcinit                       cinit        000000
__Hclrtext                     clrtext      000000
__Hcomram                      comram       000000
__Hconfig                      config       30000E
__Hconst                       const        000000
__HcstackCOMRAM                cstackCOMRAM 000000
__Hdata                        data         000000
__HdataBANK0                   dataBANK0    000000
__HdataCOMRAM                  dataCOMRAM   000000
__Heeprom_data                 eeprom_data  000000
__Hfarbss                      farbss       000000
__Hfardata                     fardata      000000
__Hheap                        heap         000000
__Hibigdata                    ibigdata     000000
__Hidata                       idata        000000
__HidataBANK0                  idataBANK0   000000
__HidataCOMRAM                 idataCOMRAM  000000
__Hidloc                       idloc        200008
__Hifardata                    ifardata     000000
__Hinit                        init         000004
__Hintcode                     intcode      000000
__Hintcode_body                intcode_body 000000
__Hintcodelo                   intcodelo    000000
__Hintentry                    intentry     000000
__Hintret                      intret       000000
__Hintsave_regs                intsave_regs 000000
__Hirdata                      irdata       000000
__Hmediumconst                 mediumconst  003000
__HnvFARRAM                    nvFARRAM     000000
__Hnvbit                       nvbit        000000
__Hnvrram                      nvrram       000000
__Hparam                       rparam       000000
__Hpowerup                     powerup      000000
__Hram                         ram          000000
__Hramtop                      ramtop       000600
__Hrbit                        rbit         000000
__Hrbss                        rbss         000000
__Hrdata                       rdata        000000
__Hreset_vec                   reset_vec    000000
__Hrparam                      rparam       000000
__Hsfr                         sfr          000000
__Hsivt_hi                     sivt_hi      000000
__Hsivt_lo                     sivt_lo      000000
__Hsmallconst                  smallconst   000000
__Hspace_0                     (abs)        003000
__Hspace_1                     (abs)        0001A0
__Hspace_2                     (abs)        000000
__Hspace_4                     (abs)        60000E
__Hstack                       stack        000000
__Hstruct                      struct       000000
__Htemp                        temp         000000
__Htext                        text         000000
__Htext0                       text0        000000
__Htext1                       text1        000000
__Htext10                      text10       000000
__Htext11                      text11       000000
__Htext12                      text12       000000
__Htext13                      text13       000000
__Htext14                      text14       000000
__Htext15                      text15       000000
__Htext16                      text16       000000
__Htext17                      text17       000000
__Htext18                      text18       000000
__Htext19                      text19       000000
__Htext2                       text2        000000
__Htext20                      text20       000000
__Htext21                      text21       000000
__Htext22                      text22       000000
__Htext23                      text23       000000
__Htext24                      text24       000000
__Htext25                      text25       000000
__Htext26                      text26       000000
__Htext27                      text27       000000
__Htext28                      text28       000000
__Htext29                      text29       000000
__Htext3                       text3        000000
__Htext30                      text30       000000
__Htext31                      text31       000000
__Htext32                      text32       000000
__Htext33                      text33       000000
__Htext34                      text34       000000
__Htext35                      text35       000000
__Htext36                      text36       000000
__Htext37                      text37       000000
__Htext38                      text38       000000
__Htext39                      text39       000000
__Htext4                       text4        000000
__Htext40                      text40       000000
__Htext41                      text41       000000
__Htext42                      text42       000000
__Htext43                      text43       000000
__Htext5                       text5        000000
__Htext6                       text6        000000
__Htext7                       text7        000000
__Htext8                       text8        000000
__Htext9                       text9        000000
__LRAM                         (abs)        000001
__L__absolute__                __absolute__ 000000
__Labs1                        abs1         000000
__Lbank0                       bank0        000000
__Lbank1                       bank1        000000
__Lbank2                       bank2        000000
__Lbank3                       bank3        000000
__Lbank4                       bank4        000000
__Lbank5                       bank5        000000
__Lbigbss                      bigbss       000000
__Lbigdata                     bigdata      000000
__Lbigram                      bigram       000000
__Lbigsfr                      bigsfr       000000
__Lbss                         bss          000000
__LbssBANK0                    bssBANK0     000000
__LbssBANK1                    bssBANK1     000000
__LbssCOMRAM                   bssCOMRAM    000000
__Lcinit                       cinit        000000
__Lclrtext                     clrtext      000000
__Lcomram                      comram       000000
__Lconfig                      config       000000
__Lconst                       const        000000
__LcstackCOMRAM                cstackCOMRAM 000000
__Ldata                        data         000000
__LdataBANK0                   dataBANK0    000000
__LdataCOMRAM                  dataCOMRAM   000000
__Leeprom_data                 eeprom_data  000000
__Lfarbss                      farbss       000000
__Lfardata                     fardata      000000
__Lheap                        heap         000000
__Libigdata                    ibigdata     000000
__Lidata                       idata        000000
__LidataBANK0                  idataBANK0   000000
__LidataCOMRAM                 idataCOMRAM  000000
__Lidloc                       idloc        000000
__Lifardata                    ifardata     000000
__Linit                        init         000000
__Lintcode                     intcode      000000
__Lintcode_body                intcode_body 000000
__Lintcodelo                   intcodelo    000000
__Lintentry                    intentry     000000
__Lintret                      intret       000000
__Lintsave_regs                intsave_regs 000000
__Lirdata                      irdata       000000
__Lmediumconst                 mediumconst  002F48
__LnvFARRAM                    nvFARRAM     000000
__Lnvbit                       nvbit        000000
__Lnvrram                      nvrram       000000
__Lparam                       rparam       000000
__Lpowerup                     powerup      000000
__Lram                         ram          000000
__Lramtop                      ramtop       000600
__Lrbit                        rbit         000000
__Lrbss                        rbss         000000
__Lrdata                       rdata        000000
__Lreset_vec                   reset_vec    000000
__Lrparam                      rparam       000000
__Lsfr                         sfr          000000
__Lsivt_hi                     sivt_hi      000000
__Lsivt_lo                     sivt_lo      000000
__Lsmallconst                  smallconst   000000
__Lspace_0                     (abs)        000000
__Lspace_1                     (abs)        000000
__Lspace_2                     (abs)        000000
__Lspace_4                     (abs)        000000
__Lstack                       stack        000000
__Lstruct                      struct       000000
__Ltemp                        temp         000000
__Ltext                        text         000000
__Ltext0                       text0        000000
__Ltext1                       text1        000000
__Ltext10                      text10       000000
__Ltext11                      text11       000000
__Ltext12                      text12       000000
__Ltext13                      text13       000000
__Ltext14                      text14       000000
__Ltext15                      text15       000000
__Ltext16                      text16       000000
__Ltext17                      text17       000000
__Ltext18                      text18       000000
__Ltext19                      text19       000000
__Ltext2                       text2        000000
__Ltext20                      text20       000000
__Ltext21                      text21       000000
__Ltext22                      text22       000000
__Ltext23                      text23       000000
__Ltext24                      text24       000000
__Ltext25                      text25       000000
__Ltext26                      text26       000000
__Ltext27                      text27       000000
__Ltext28                      text28       000000
__Ltext29                      text29       000000
__Ltext3                       text3        000000
__Ltext30                      text30       000000
__Ltext31                      text31       000000
__Ltext32                      text32       000000
__Ltext33                      text33       000000
__Ltext34                      text34       000000
__Ltext35                      text35       000000
__Ltext36                      text36       000000
__Ltext37                      text37       000000
__Ltext38                      text38       000000
__Ltext39                      text39       000000
__Ltext4                       text4        000000
__Ltext40                      text40       000000
__Ltext41                      text41       000000
__Ltext42                      text42       000000
__Ltext43                      text43       000000
__Ltext5                       text5        000000
__Ltext6                       text6        000000
__Ltext7                       text7        000000
__Ltext8                       text8        000000
__Ltext9                       text9        000000
__S0                           (abs)        003000
__S1                           (abs)        0001A0
__S4                           (abs)        000000
__S5                           (abs)        000000
___awdiv                       text15       00190C
___awdiv@counter               cstackCOMRAM 000005
___awdiv@dividend              cstackCOMRAM 000001
___awdiv@divisor               cstackCOMRAM 000003
___awdiv@quotient              cstackCOMRAM 000007
___awdiv@sign                  cstackCOMRAM 000006
___awmod                       text14       00185E
___awmod@counter               cstackCOMRAM 000005
___awmod@dividend              cstackCOMRAM 000001
___awmod@divisor               cstackCOMRAM 000003
___awmod@sign                  cstackCOMRAM 000006
___fldiv                       text12       0026C8
___fldiv@a                     cstackCOMRAM 000013
___fldiv@aexp                  cstackCOMRAM 000027
___fldiv@b                     cstackCOMRAM 00000F
___fldiv@bexp                  cstackCOMRAM 000026
___fldiv@grs                   cstackCOMRAM 000022
___fldiv@new_exp               cstackCOMRAM 000020
___fldiv@rem                   cstackCOMRAM 00001B
___fldiv@sign                  cstackCOMRAM 00001F
___fltol                       text11       0019CE
___fltol@exp1                  cstackCOMRAM 000031
___fltol@f1                    cstackCOMRAM 000028
___fltol@sign1                 cstackCOMRAM 000030
___heap_hi                     (abs)        000000
___heap_lo                     (abs)        000000
___inthi_sp                    stack        000000
___inthi_stack_hi              stack        000000
___inthi_stack_lo              stack        000000
___intlo_sp                    stack        000000
___intlo_stack_hi              stack        000000
___intlo_stack_lo              stack        000000
___lwdiv                       text8        001634
___lwdiv@counter               cstackCOMRAM 000007
___lwdiv@dividend              cstackCOMRAM 000001
___lwdiv@divisor               cstackCOMRAM 000003
___lwdiv@quotient              cstackCOMRAM 000005
___lwmod                       text7        001484
___lwmod@counter               cstackCOMRAM 000005
___lwmod@dividend              cstackCOMRAM 000001
___lwmod@divisor               cstackCOMRAM 000003
___param_bank                  (abs)        000000
___rparam_used                 (abs)        000001
___sp                          stack        000000
___stack_hi                    stack        000000
___stack_lo                    stack        000000
___xxtofl                      text10       001CEA
___xxtofl@arg                  cstackCOMRAM 00000B
___xxtofl@exp                  cstackCOMRAM 00000A
___xxtofl@sign                 cstackCOMRAM 000009
___xxtofl@val                  cstackCOMRAM 000001
__accesstop                    (abs)        000060
__activetblptr                 (abs)        000002
__end_of___awdiv               text15       0019CE
__end_of___awmod               text14       00190C
__end_of___fldiv               text12       002A58
__end_of___fltol               text11       001AD4
__end_of___lwdiv               text8        0016A8
__end_of___lwmod               text7        0014E8
__end_of___xxtofl              text10       001E9E
__end_of__initialization       cinit        0015B6
__end_of_clcd_print            text42       001554
__end_of_clcd_putch            text40       0011CE
__end_of_clcd_write            text43       001392
__end_of_clear_log             text41       001424
__end_of_display_main_menu     text39       0026C8
__end_of_display_time          text9        001322
__end_of_download_log          text35       002060
__end_of_eeprom_store          text5        001CEA
__end_of_get_time              text4        00172A
__end_of_i2c_idle              text31       00118E
__end_of_i2c_no_ack            text32       001132
__end_of_i2c_read              text29       00115E
__end_of_i2c_rep_start         text28       001142
__end_of_i2c_rx_mode           text30       00113A
__end_of_i2c_start             text27       00114A
__end_of_i2c_stop              text26       001152
__end_of_i2c_write             text25       00116A
__end_of_init_adc              text34       00126A
__end_of_init_clcd             text33       00185E
__end_of_init_config           text18       001202
__end_of_init_ds1307           text22       0013DA
__end_of_init_i2c              text21       0011B6
__end_of_init_matrix_keypad    text20       0011A0
__end_of_init_uart             text19       001242
__end_of_main                  text0        0017B8
__end_of_putch                 text38       0011E6
__end_of_puts                  text37       001358
__end_of_read_adc              text3        0012BE
__end_of_read_ds1307           text24       001294
__end_of_read_internal_eeprom  text36       00117C
__end_of_read_switches         text16       001634
__end_of_scan_key              text17       001BDC
__end_of_set_time              text13       002F48
__end_of_view_dashboard        text2        002254
__end_of_view_log              text1        00247A
__end_of_write_ds1307          text23       001220
__end_of_write_internal_eeprom text6        0012EE
__initialization               cinit        001554
__mediumconst                  mediumconst  002F48
__pbssBANK0                    bssBANK0     0000BF
__pbssBANK1                    bssBANK1     000100
__pbssCOMRAM                   bssCOMRAM    000035
__pcinit                       cinit        001554
__pcstackCOMRAM                cstackCOMRAM 000001
__pdataBANK0                   dataBANK0    000060
__pdataCOMRAM                  dataCOMRAM   00005D
__pidataBANK0                  idataBANK0   001425
__pidataCOMRAM                 idataCOMRAM  001129
__pmediumconst                 mediumconst  002F48
__ptext0                       text0        00172A
__ptext1                       text1        002254
__ptext10                      text10       001CEA
__ptext11                      text11       0019CE
__ptext12                      text12       0026C8
__ptext13                      text13       002A58
__ptext14                      text14       00185E
__ptext15                      text15       00190C
__ptext16                      text16       0015C0
__ptext17                      text17       001AD4
__ptext18                      text18       0011E6
__ptext19                      text19       001220
__ptext2                       text2        002060
__ptext20                      text20       00118E
__ptext21                      text21       0011A0
__ptext22                      text22       001392
__ptext23                      text23       001202
__ptext24                      text24       00126A
__ptext25                      text25       00115E
__ptext26                      text26       00114A
__ptext27                      text27       001142
__ptext28                      text28       00113A
__ptext29                      text29       001152
__ptext3                       text3        001294
__ptext30                      text30       001132
__ptext31                      text31       00117C
__ptext32                      text32       00112C
__ptext33                      text33       0017B8
__ptext34                      text34       001242
__ptext35                      text35       001E9E
__ptext36                      text36       00116A
__ptext37                      text37       001322
__ptext38                      text38       0011CE
__ptext39                      text39       00247A
__ptext4                       text4        0016A8
__ptext40                      text40       0011B6
__ptext41                      text41       0013DA
__ptext42                      text42       0014E8
__ptext43                      text43       001358
__ptext5                       text5        001BDC
__ptext6                       text6        0012BE
__ptext7                       text7        001484
__ptext8                       text8        001634
__ptext9                       text9        0012EE
__ramtop                       ramtop       000600
__smallconst                   smallconst   000000
_add_count                     bssBANK0     0000EB
_address                       bssCOMRAM    000050
_calender_reg                  bssBANK0     0000E5
_clcd_print                    text42       0014E8
_clcd_putch                    text40       0011B6
_clcd_write                    text43       001358
_clear_log                     text41       0013DA
_clock_reg                     bssCOMRAM    000035
_data                          bssBANK0     0000D1
_dataarr                       bssBANK0     0000BF
_display_count                 bssCOMRAM    00004C
_display_main_menu             text39       00247A
_display_time                  text9        0012EE
_download_log                  text35       001E9E
_eeprom_store                  text5        001BDC
_entryflag                     dataCOMRAM   00005D
_event_count                   bssCOMRAM    00004E
_flag                          bssBANK0     0000EF
_gear                          dataBANK0    0000A4
_gearflag                      bssCOMRAM    000058
_get_time                      text4        0016A8
_hour                          bssCOMRAM    000046
_i2c_idle                      text31       00117C
_i2c_no_ack                    text32       00112C
_i2c_read                      text29       001152
_i2c_rep_start                 text28       00113A
_i2c_rx_mode                   text30       001132
_i2c_start                     text27       001142
_i2c_stop                      text26       00114A
_i2c_write                     text25       00115E
_init_adc                      text34       001242
_init_clcd                     text33       0017B8
_init_config                   text18       0011E6
_init_ds1307                   text22       001392
_init_i2c                      text21       0011A0
_init_matrix_keypad            text20       00118E
_init_uart                     text19       001220
_key                           bssCOMRAM    00005C
_main                          text0        00172A
_menu                          dataBANK0    000060
_menuflag                      bssCOMRAM    000054
_min                           bssCOMRAM    000044
_ptr                           bssBANK1     000100
_putch                         text38       0011CE
_puts                          text37       001322
_read_adc                      text3        001294
_read_ds1307                   text24       00126A
_read_internal_eeprom          text36       00116A
_read_switches                 text16       0015C0
_scan_key                      text17       001AD4
_sec                           bssCOMRAM    000042
_set_time                      text13       002A58
_speed                         bssCOMRAM    000056
_starflag                      bssCOMRAM    000052
_state                         bssCOMRAM    00005B
_storedata                     bssBANK0     0000DB
_time                          bssBANK0     0000F3
_time_delay                    bssBANK0     0000ED
_time_flag                     bssBANK0     0000F1
_timewhere                     bssCOMRAM    000048
_view_dashboard                text2        002060
_view_index                    bssBANK0     0000E9
_view_log                      text1        002254
_wait                          bssCOMRAM    00004A
_write_ds1307                  text23       001202
_write_internal_eeprom         text6        0012BE
clcd_print@addr                cstackCOMRAM 000005
clcd_print@data                cstackCOMRAM 000003
clcd_putch@addr                cstackCOMRAM 000009
clcd_putch@data                cstackCOMRAM 00000A
clcd_write@byte                cstackCOMRAM 000002
clcd_write@control_bit         cstackCOMRAM 000001
download_log@j                 cstackCOMRAM 000009
download_log@y                 bssCOMRAM    00003E
eeprom_store@i                 cstackCOMRAM 000008
eeprom_store@j                 cstackCOMRAM 00000A
end_of_initialization          cinit        0015B6
i2c_write@data                 cstackCOMRAM 000001
init_ds1307@dummy              cstackCOMRAM 00000B
intlevel0                      text         000000
intlevel1                      text         000000
intlevel2                      text         000000
intlevel3                      text         000000
isa$std                        (abs)        000001
isa$xinst                      (abs)        000000
putch@byte                     cstackCOMRAM 000001
puts@s                         cstackCOMRAM 000002
read_ds1307@address            cstackCOMRAM 000002
read_ds1307@data               cstackCOMRAM 000003
read_internal_eeprom@address   cstackCOMRAM 000001
read_switches@detection_type   cstackCOMRAM 000001
read_switches@key              bssCOMRAM    00005A
read_switches@once             dataCOMRAM   00005F
set_time@delay                 bssCOMRAM    000038
set_time@edit_flag             bssCOMRAM    00003C
set_time@field_flag            bssCOMRAM    00003A
set_time@k                     cstackCOMRAM 000012
stackhi                        (abs)        000000
stacklo                        (abs)        000000
start                          init         000000
start_initialization           cinit        001554
view_log@k                     cstackCOMRAM 00000E
view_log@x                     bssCOMRAM    000040
write_ds1307@address           cstackCOMRAM 00000A
write_ds1307@data              cstackCOMRAM 000009
write_internal_eeprom@address  cstackCOMRAM 000003
write_internal_eeprom@data     cstackCOMRAM 000002


MODULE INFORMATION

Module		Function		Class		Link	Load	Size
keypad.c
		_init_matrix_keypad		CODE           	118E	0000	18
		_read_switches 		CODE           	15C0	0000	116
		_scan_key      		CODE           	1AD4	0000	264

keypad.c estimated size: 398

uart.c
		_putch         		CODE           	11CE	0000	24
		_init_uart     		CODE           	1220	0000	34
		_puts          		CODE           	1322	0000	54

uart.c estimated size: 112

C:\Program Files\Microchip\xc8\v2.50\pic\sources\c99\common\sprcdiv.c
		___fldiv       		CODE           	26C8	0000	912

C:\Program Files\Microchip\xc8\v2.50\pic\sources\c99\common\sprcdiv.c estimated size: 912

i2c.c
		_i2c_start     		CODE           	1142	0000	8
		_i2c_no_ack    		CODE           	112C	0000	6
		_i2c_rep_start 		CODE           	113A	0000	8
		_i2c_idle      		CODE           	117C	0000	18
		_i2c_write     		CODE           	115E	0000	12
		_i2c_stop      		CODE           	114A	0000	8
		_i2c_read      		CODE           	1152	0000	12
		_init_i2c      		CODE           	11A0	0000	22
		_i2c_rx_mode   		CODE           	1132	0000	8

i2c.c estimated size: 102

functions.c
		_view_log      		CODE           	2254	0000	550
		_display_time  		CODE           	12EE	0000	52
		_display_main_menu		CODE           	247A	0000	590
		_get_time      		CODE           	16A8	0000	130
		_download_log  		CODE           	1E9E	0000	450
		_set_time      		CODE           	2A58	0000	1264
		_clear_log     		CODE           	13DA	0000	74
		_view_dashboard		CODE           	2060	0000	500
		_eeprom_store  		CODE           	1BDC	0000	270

functions.c estimated size: 3880

C:\Program Files\Microchip\xc8\v2.50\pic\sources\c99\common\lwmod.c
		___lwmod       		CODE           	1484	0000	100

C:\Program Files\Microchip\xc8\v2.50\pic\sources\c99\common\lwmod.c estimated size: 100

C:\Program Files\Microchip\xc8\v2.50\pic\sources\c99\common\awmod.c
		___awmod       		CODE           	185E	0000	174

C:\Program Files\Microchip\xc8\v2.50\pic\sources\c99\common\awmod.c estimated size: 174

ds1307.c
		_read_ds1307   		CODE           	126A	0000	42
		_write_ds1307  		CODE           	1202	0000	30
		_init_ds1307   		CODE           	1392	0000	72

ds1307.c estimated size: 144

eeprom.c
		_read_internal_eeprom		CODE           	116A	0000	18
		_write_internal_eeprom		CODE           	12BE	0000	48

eeprom.c estimated size: 66

adc.c
		_init_adc      		CODE           	1242	0000	40
		_read_adc      		CODE           	1294	0000	42

adc.c estimated size: 82

C:\Program Files\Microchip\xc8\v2.50\pic\sources\c99\common\xxtofl.c
		___xxtofl      		CODE           	1CEA	0000	436

C:\Program Files\Microchip\xc8\v2.50\pic\sources\c99\common\xxtofl.c estimated size: 436

shared
		__initialization		CODE           	1554	0000	98

shared estimated size: 98

clcd.c
		_clcd_write    		CODE           	1358	0000	58
		_clcd_print    		CODE           	14E8	0000	108
		_clcd_putch    		CODE           	11B6	0000	24
		_init_clcd     		CODE           	17B8	0000	166

clcd.c estimated size: 356

C:\Program Files\Microchip\xc8\v2.50\pic\sources\c99\common\lwdiv.c
		___lwdiv       		CODE           	1634	0000	116

C:\Program Files\Microchip\xc8\v2.50\pic\sources\c99\common\lwdiv.c estimated size: 116

C:\Program Files\Microchip\xc8\v2.50\pic\sources\c99\common\awdiv.c
		___awdiv       		CODE           	190C	0000	194

C:\Program Files\Microchip\xc8\v2.50\pic\sources\c99\common\awdiv.c estimated size: 194

C:\Program Files\Microchip\xc8\v2.50\pic\sources\c99\common\fltol.c
		___fltol       		CODE           	19CE	0000	262

C:\Program Files\Microchip\xc8\v2.50\pic\sources\c99\common\fltol.c estimated size: 262

main.c
		_main          		CODE           	172A	0000	142
		_init_config   		CODE           	11E6	0000	28

main.c estimated size: 170

